\BOOKMARK [0][-]{chapter*.2}{\376\377\000P\000r\000e\000f\000a\000c\000e\000:\000\040\000T\000h\000e\000\040\000I\000n\000s\000t\000r\000u\000m\000e\000n\000t\000\040\000T\000u\000r\000n\000e\000d\000\040\000O\000n\000\040\000I\000t\000s\000e\000l\000f}{}% 1
\BOOKMARK [0][-]{chapter.1}{\376\377\000B\000a\000c\000k\000g\000r\000o\000u\000n\000d\000:\000\040\000W\000h\000e\000r\000e\000\040\000E\000r\000r\000o\000r\000\040\000L\000i\000v\000e\000s}{}% 2
\BOOKMARK [1][-]{section.1.1}{\376\377\000T\000w\000o\000\040\000W\000a\000y\000s\000\040\000t\000o\000\040\000B\000e\000\040\000W\000r\000o\000n\000g}{chapter.1}% 3
\BOOKMARK [2][-]{subsection.1.1.1}{\376\377\000A\000\040\000W\000o\000r\000k\000e\000d\000\040\000E\000x\000a\000m\000p\000l\000e\000\040\000F\000r\000o\000m\000\040\000t\000h\000e\000\040\000O\000t\000h\000e\000r\000\040\000S\000i\000d\000e}{section.1.1}% 4
\BOOKMARK [2][-]{subsection.1.1.2}{\376\377\000O\000u\000r\000\040\000E\000x\000p\000o\000s\000u\000r\000e\000,\000\040\000S\000t\000a\000t\000e\000d\000\040\000P\000l\000a\000i\000n\000l\000y}{section.1.1}% 5
\BOOKMARK [1][-]{section.1.2}{\376\377\000A\000d\000o\000p\000t\000i\000n\000g\000\040\000t\000h\000e\000\040\000L\000o\000o\000k\000-\000E\000l\000s\000e\000w\000h\000e\000r\000e\000\040\000C\000o\000r\000r\000e\000c\000t\000i\000o\000n}{chapter.1}% 6
\BOOKMARK [1][-]{section.1.3}{\376\377\000T\000h\000e\000\040\000E\000l\000e\000v\000e\000n\000-\000V\000o\000l\000u\000m\000e\000\040\000A\000r\000c\000,\000\040\000a\000n\000d\000\040\000W\000h\000e\000r\000e\000\040\000I\000t\000\040\000N\000o\000w\000\040\000S\000t\000a\000n\000d\000s}{chapter.1}% 7
\BOOKMARK [0][-]{chapter.2}{\376\377\000T\000h\000e\000\040\000R\000e\000g\000r\000e\000s\000s\000i\000o\000n\000\040\000T\000h\000a\000t\000\040\000S\000t\000a\000r\000t\000e\000d\000\040\000I\000t}{}% 8
\BOOKMARK [1][-]{section.2.1}{\376\377\000A\000\040\000R\000o\000u\000t\000i\000n\000e\000\040\000G\000a\000t\000e}{chapter.2}% 9
\BOOKMARK [1][-]{section.2.2}{\376\377\000O\000n\000e\000\040\000N\000u\000m\000b\000e\000r\000\040\000i\000n\000\040\000T\000w\000o\000\040\000P\000l\000a\000c\000e\000s}{chapter.2}% 10
\BOOKMARK [1][-]{section.2.3}{\376\377\000T\000h\000e\000\040\000S\000i\000l\000e\000n\000t\000\040\000S\000u\000b\000s\000t\000i\000t\000u\000t\000i\000o\000n}{chapter.2}% 11
\BOOKMARK [1][-]{section.2.4}{\376\377\000T\000h\000e\000\040\000Q\000u\000e\000s\000t\000i\000o\000n\000\040\000t\000h\000e\000\040\000R\000e\000-\000R\000u\000n\000\040\000W\000a\000s\000\040\000B\000u\000i\000l\000t\000\040\000t\000o\000\040\000A\000n\000s\000w\000e\000r}{chapter.2}% 12
\BOOKMARK [0][-]{chapter.3}{\376\377\000T\000h\000e\000\040\000E\000n\000g\000i\000n\000e\000,\000\040\000R\000e\000b\000u\000i\000l\000t}{}% 13
\BOOKMARK [1][-]{section.3.1}{\376\377\000W\000h\000a\000t\000\040\000C\000h\000a\000n\000g\000e\000d\000,\000\040\000a\000n\000d\000\040\000W\000h\000a\000t\000\040\000D\000i\000d\000\040\000N\000o\000t}{chapter.3}% 14
\BOOKMARK [2][-]{subsection.3.1.1}{\376\377\000C\000h\000a\000n\000g\000e\000\040\0001\000:\000\040\000F\000i\000e\000l\000d\000\040\000R\000e\000s\000o\000l\000u\000t\000i\000o\000n\000\040\000T\000h\000r\000o\000u\000g\000h\000\040\000N\000e\000s\000t\000e\000d\000\040\000P\000a\000y\000l\000o\000a\000d\000s}{section.3.1}% 15
\BOOKMARK [2][-]{subsection.3.1.2}{\376\377\000C\000h\000a\000n\000g\000e\000\040\0002\000:\000\040\000T\000h\000e\000\040\000F\000a\000l\000l\000b\000a\000c\000k\000\040\000M\000a\000d\000e\000\040\000L\000o\000u\000d}{section.3.1}% 16
\BOOKMARK [2][-]{subsection.3.1.3}{\376\377\000C\000h\000a\000n\000g\000e\000\040\0003\000:\000\040\000C\000o\000m\000m\000o\000n\000-\000S\000u\000p\000p\000o\000r\000t\000\040\000R\000e\000s\000t\000r\000i\000c\000t\000i\000o\000n}{section.3.1}% 17
\BOOKMARK [2][-]{subsection.3.1.4}{\376\377\000C\000h\000a\000n\000g\000e\000\040\0004\000:\000\040\000T\000h\000e\000\040\000O\000f\000f\000s\000e\000t\000-\000S\000w\000e\000e\000p\000\040\000B\000a\000s\000e\000l\000i\000n\000e}{section.3.1}% 18
\BOOKMARK [2][-]{subsection.3.1.5}{\376\377\000C\000h\000a\000n\000g\000e\000\040\0005\000:\000\040\000N\000u\000m\000e\000r\000i\000c\000a\000l\000\040\000C\000o\000r\000r\000e\000c\000t\000n\000e\000s\000s}{section.3.1}% 19
\BOOKMARK [1][-]{section.3.2}{\376\377\000T\000h\000e\000\040\000R\000u\000n\000-\000t\000o\000-\000R\000u\000n\000\040\000U\000n\000c\000e\000r\000t\000a\000i\000n\000t\000y\000\040\000o\000f\000\040\000z}{chapter.3}% 20
\BOOKMARK [1][-]{section.3.3}{\376\377\000T\000h\000e\000\040\000T\000h\000r\000e\000s\000h\000o\000l\000d}{chapter.3}% 21
\BOOKMARK [1][-]{section.3.4}{\376\377\000T\000w\000o\000-\000S\000i\000d\000e\000d\000\040\000V\000a\000l\000i\000d\000a\000t\000i\000o\000n\000\040\000B\000e\000f\000o\000r\000e\000\040\000A\000d\000o\000p\000t\000i\000o\000n}{chapter.3}% 22
\BOOKMARK [0][-]{chapter.4}{\376\377\000F\000i\000v\000e\000\040\000F\000o\000r\000m\000s\000\040\000o\000f\000\040\000E\000r\000r\000o\000r}{}% 23
\BOOKMARK [1][-]{section.4.1}{\376\377\000W\000h\000a\000t\000\040\000a\000\040\000F\000o\000r\000m\000\040\000I\000s}{chapter.4}% 24
\BOOKMARK [1][-]{section.4.2}{\376\377\000T\000h\000e\000\040\000G\000r\000i\000d\000,\000\040\000a\000n\000d\000\040\000W\000h\000y\000\040\000I\000t\000\040\000H\000a\000s\000\040\000a\000\040\000F\000l\000o\000o\000r}{chapter.4}% 25
\BOOKMARK [1][-]{section.4.3}{\376\377\000F\000o\000r\000m\000\040\000C\000\040\040\024\000\040\000P\000r\000e\000p\000r\000o\000c\000e\000s\000s\000i\000n\000g\000-\000I\000n\000d\000u\000c\000e\000d\000\040\000C\000o\000n\000c\000e\000n\000t\000r\000a\000t\000i\000o\000n}{chapter.4}% 26
\BOOKMARK [1][-]{section.4.4}{\376\377\000F\000o\000r\000m\000\040\000D\000\040\040\024\000\040\000N\000u\000l\000l\000-\000S\000u\000p\000p\000o\000r\000t\000\040\000M\000i\000s\000m\000a\000t\000c\000h}{chapter.4}% 27
\BOOKMARK [2][-]{subsection.4.4.1}{\376\377\000T\000h\000e\000\040\000M\000e\000a\000s\000u\000r\000e\000m\000e\000n\000t}{section.4.4}% 28
\BOOKMARK [2][-]{subsection.4.4.2}{\376\377\000T\000h\000e\000\040\000D\000e\000m\000o\000n\000s\000t\000r\000a\000t\000i\000o\000n}{section.4.4}% 29
\BOOKMARK [2][-]{subsection.4.4.3}{\376\377\000T\000h\000e\000\040\000S\000i\000g\000n\000\040\000B\000o\000u\000n\000d}{section.4.4}% 30
\BOOKMARK [2][-]{subsection.4.4.4}{\376\377\000T\000h\000e\000\040\000R\000e\000s\000i\000d\000u\000a\000l}{section.4.4}% 31
\BOOKMARK [1][-]{section.4.5}{\376\377\000F\000o\000r\000m\000\040\000E\000\040\040\024\000\040\000Q\000u\000a\000n\000t\000i\000s\000e\000d\000\040\000S\000u\000p\000p\000o\000r\000t}{chapter.4}% 32
\BOOKMARK [2][-]{subsection.4.5.1}{\376\377\000T\000h\000e\000\040\000T\000i\000d\000a\000l\000\040\000D\000o\000m\000a\000i\000n\000s}{section.4.5}% 33
\BOOKMARK [2][-]{subsection.4.5.2}{\376\377\000T\000h\000e\000\040\000D\000e\000c\000i\000s\000i\000v\000e\000\040\000C\000a\000l\000c\000u\000l\000a\000t\000i\000o\000n}{section.4.5}% 34
\BOOKMARK [2][-]{subsection.4.5.3}{\376\377\000T\000h\000e\000\040\000A\000r\000i\000t\000h\000m\000e\000t\000i\000c\000\040\000o\000f\000\040\000t\000h\000e\000\040\000M\000o\000d\000u\000l\000u\000s\000\040\000I\000t\000s\000e\000l\000f}{section.4.5}% 35
\BOOKMARK [1][-]{section.4.6}{\376\377\000T\000h\000e\000\040\000S\000c\000r\000e\000e\000n\000s\000\040\000N\000o\000w\000\040\000S\000t\000a\000n\000d\000i\000n\000g}{chapter.4}% 36
\BOOKMARK [0][-]{chapter.5}{\376\377\000T\000h\000e\000\040\000C\000r\000u\000c\000i\000b\000l\000e\000:\000\040\000L\000a\000k\000e\000\040\000b\000y\000\040\000L\000a\000k\000e}{}% 37
\BOOKMARK [1][-]{section.5.1}{\376\377\000W\000h\000a\000t\000\040\000t\000h\000e\000\040\000F\000i\000r\000e\000\040\000S\000h\000o\000w\000e\000d}{chapter.5}% 38
\BOOKMARK [2][-]{subsection.5.1.1}{\376\377\000s\0002\000\137\000s\000t\000e\000l\000l\000a\000r\000\137\000k\000i\000n\000e\000m\000a\000t\000i\000c\000s\000\040\040\024\000\040\0002\0007\000.\0005\000\045\000\040\000N\000o\000n\000-\000M\000e\000a\000s\000u\000r\000e\000m\000e\000n\000t\000s}{section.5.1}% 39
\BOOKMARK [2][-]{subsection.5.1.2}{\376\377\000T\000h\000e\000\040\000T\000i\000d\000a\000l\000\040\000L\000a\000k\000e\000s\000\040\040\024\000\040\000R\000o\000u\000n\000d\000e\000d\000\040\000t\000o\000\040\000I\000n\000t\000e\000g\000e\000r\000\040\000H\000o\000u\000r\000s}{section.5.1}% 40
\BOOKMARK [2][-]{subsection.5.1.3}{\376\377\000o\000r\000b\000i\000t\000a\000l\000\137\000t\000t\000v\000\040\040\024\000\040\000W\000h\000o\000l\000e\000\040\000M\000i\000n\000u\000t\000e\000s}{section.5.1}% 41
\BOOKMARK [2][-]{subsection.5.1.4}{\376\377\000s\000t\000e\000l\000l\000a\000r\000\137\000s\000p\000i\000n\000d\000o\000w\000n\000\040\040\024\000\040\000E\000l\000e\000v\000e\000n\000\040\000O\000r\000d\000e\000r\000s\000\040\000o\000f\000\040\000M\000a\000g\000n\000i\000t\000u\000d\000e\000\040\000A\000n\000n\000i\000h\000i\000l\000a\000t\000e\000d}{section.5.1}% 42
\BOOKMARK [2][-]{subsection.5.1.5}{\376\377\000n\0004\000\137\000c\000o\000s\000m\000o\000l\000o\000g\000i\000c\000a\000l\000\040\040\024\000\040\000A\000\040\000N\000u\000l\000l\000\040\000T\000h\000a\000t\000\040\000R\000e\000p\000r\000o\000d\000u\000c\000e\000s\000\040\000I\000t\000s\000\040\000O\000w\000n\000\040\000D\000o\000m\000a\000i\000n}{section.5.1}% 43
\BOOKMARK [2][-]{subsection.5.1.6}{\376\377\000t\0004\000\137\000c\000o\000s\000m\000o\000l\000o\000g\000i\000c\000a\000l\000\040\040\024\000\040\000U\000n\000d\000e\000r\000-\000R\000e\000s\000o\000l\000v\000e\000d}{section.5.1}% 44
\BOOKMARK [2][-]{subsection.5.1.7}{\376\377\000c\000h\000e\000m\000i\000s\000t\000r\000y\000\040\040\024\000\040\000N\000o\000t\000\040\000a\000\040\000B\000r\000o\000k\000e\000n\000\040\000L\000a\000k\000e}{section.5.1}% 45
\BOOKMARK [1][-]{section.5.2}{\376\377\000T\000h\000e\000\040\000W\000r\000o\000n\000g\000b\000o\000x\000\040\000T\000i\000e\000r}{chapter.5}% 46
\BOOKMARK [1][-]{section.5.3}{\376\377\000T\000h\000e\000\040\000N\000e\000w\000\040\000L\000a\000k\000e\000\040\000B\000o\000u\000n\000d\000a\000r\000i\000e\000s}{chapter.5}% 47
\BOOKMARK [2][-]{subsection.5.3.1}{\376\377\000A\000\040\000W\000o\000r\000k\000e\000d\000\040\000E\000x\000a\000m\000p\000l\000e\000\040\000o\000f\000\040\000R\000e\000q\000u\000i\000r\000e\000m\000e\000n\000t\000\040\0003}{section.5.3}% 48
\BOOKMARK [0][-]{chapter.6}{\376\377\000T\000h\000e\000\040\000C\000o\000n\000t\000r\000o\000l\000l\000e\000d\000\040\000S\000a\000m\000e\000-\000O\000b\000j\000e\000c\000t\000\040\000E\000x\000p\000e\000r\000i\000m\000e\000n\000t}{}% 49
\BOOKMARK [1][-]{section.6.1}{\376\377\000A\000\040\000L\000i\000a\000b\000i\000l\000i\000t\000y\000\040\000T\000u\000r\000n\000e\000d\000\040\000I\000n\000t\000o\000\040\000a\000\040\000P\000r\000e\000d\000i\000c\000t\000i\000o\000n}{chapter.6}% 50
\BOOKMARK [1][-]{section.6.2}{\376\377\000T\000h\000e\000\040\000K\000e\000p\000l\000e\000r\000\040\000C\000a\000s\000e}{chapter.6}% 51
\BOOKMARK [1][-]{section.6.3}{\376\377\000T\000h\000e\000\040\000C\000o\000n\000t\000r\000o\000l\000l\000e\000d\000-\000P\000a\000i\000r\000\040\000P\000r\000o\000g\000r\000a\000m\000m\000e}{chapter.6}% 52
\BOOKMARK [0][-]{chapter.7}{\376\377\000E\000r\000r\000a\000t\000a}{}% 53
\BOOKMARK [1][-]{section.7.1}{\376\377\000O\000n\000\040\000t\000h\000e\000\040\000P\000u\000r\000p\000o\000s\000e\000\040\000o\000f\000\040\000T\000h\000i\000s\000\040\000C\000h\000a\000p\000t\000e\000r}{chapter.7}% 54
\BOOKMARK [1][-]{section.7.2}{\376\377\000E\000r\000r\000a\000t\000u\000m\000\040\0001\000\040\000\050\000V\000o\000l\000u\000m\000e\000\040\0001\0001\000\051\000\040\040\024\000\040\000R\000e\000-\000C\000o\000n\000f\000i\000r\000m\000e\000d\000\040\000a\000n\000d\000\040\000E\000x\000t\000e\000n\000d\000e\000d}{chapter.7}% 55
\BOOKMARK [1][-]{section.7.3}{\376\377\000E\000r\000r\000a\000t\000u\000m\000\040\0002\000\040\000\050\000V\000o\000l\000u\000m\000e\000\040\0001\0001\000\051\000\040\040\024\000\040\000C\000a\000r\000r\000i\000e\000d\000\040\000F\000o\000r\000w\000a\000r\000d}{chapter.7}% 56
\BOOKMARK [1][-]{section.7.4}{\376\377\000E\000r\000r\000a\000t\000u\000m\000\040\0003\000\040\040\024\000\040\000T\000h\000e\000\040\000L\000o\000c\000k\000\040\000F\000l\000o\000o\000r\000\040\000a\000n\000d\000\040\000t\000h\000e\000\040\000O\000r\000b\000i\000t\000a\000l\000\040\000D\000e\000m\000o\000n\000s\000t\000r\000a\000t\000i\000o\000n}{chapter.7}% 57
\BOOKMARK [1][-]{section.7.5}{\376\377\000E\000r\000r\000a\000t\000u\000m\000\040\0004\000\040\040\024\000\040\000T\000h\000e\000\040\000P\000r\000i\000n\000c\000i\000p\000a\000l\000\040\000E\000r\000r\000a\000t\000u\000m\000\040\000o\000f\000\040\000T\000h\000i\000s\000\040\000V\000o\000l\000u\000m\000e}{chapter.7}% 58
\BOOKMARK [2][-]{subsection.7.5.1}{\376\377\0004\000a\000.\000\040\000s\000t\000e\000l\000l\000a\000r\000\137\000k\000i\000n\000e\000m\000a\000t\000i\000c\000\040\000W\000i\000t\000h\000d\000r\000a\000w\000n}{section.7.5}% 59
\BOOKMARK [2][-]{subsection.7.5.2}{\376\377\0004\000b\000.\000\040\000F\000o\000r\000m\000\040\000D\000\040\000a\000n\000d\000\040\000t\000h\000e\000\040\000S\000t\000a\000n\000d\000i\000n\000g\000\040\000o\000f\000\040\000E\000v\000e\000r\000y\000\040\000N\000e\000g\000a\000t\000i\000v\000e\000\040\000V\000e\000r\000d\000i\000c\000t}{section.7.5}% 60
\BOOKMARK [2][-]{subsection.7.5.3}{\376\377\0004\000c\000.\000\040\000T\000h\000e\000\040\000W\000r\000o\000n\000g\000b\000o\000x\000\040\000T\000i\000e\000r}{section.7.5}% 61
\BOOKMARK [2][-]{subsection.7.5.4}{\376\377\0004\000d\000.\000\040\000F\000o\000r\000m\000\040\000E\000\040\000a\000n\000d\000\040\000t\000h\000e\000\040\000S\000u\000s\000p\000e\000n\000d\000e\000d\000\040\000D\000o\000m\000a\000i\000n\000s}{section.7.5}% 62
\BOOKMARK [2][-]{subsection.7.5.5}{\376\377\0004\000e\000.\000\040\000V\000o\000l\000u\000m\000e\000\040\0001\0001\000'\000s\000\040\000I\000n\000t\000e\000r\000n\000a\000l\000\040\000C\000o\000n\000t\000r\000a\000d\000i\000c\000t\000i\000o\000n}{section.7.5}% 63
\BOOKMARK [2][-]{subsection.7.5.6}{\376\377\0004\000f\000.\000\040\000U\000n\000i\000t\000-\000C\000o\000n\000t\000i\000n\000g\000e\000n\000c\000y\000\040\000o\000f\000\040\000t\000h\000e\000\040\000B\000r\000i\000d\000g\000e\000\040\000P\000r\000o\000g\000r\000a\000m\000m\000e}{section.7.5}% 64
\BOOKMARK [1][-]{section.7.6}{\376\377\000E\000r\000r\000a\000t\000u\000m\000\040\0005\000\040\040\024\000\040\000T\000h\000e\000\040\000C\000o\000s\000m\000o\000l\000o\000g\000y\000\040\000N\000u\000l\000l}{chapter.7}% 65
\BOOKMARK [1][-]{section.7.7}{\376\377\000C\000o\000r\000r\000e\000c\000t\000i\000o\000n\000s\000\040\000A\000g\000a\000i\000n\000s\000t\000\040\000t\000h\000e\000\040\000R\000e\000f\000e\000r\000e\000e}{chapter.7}% 66
\BOOKMARK [0][-]{chapter.8}{\376\377\000W\000h\000a\000t\000\040\000t\000h\000e\000\040\000N\000i\000n\000e\000\040\000T\000e\000l\000l\000\040\000U\000s\000,\000\040\000a\000n\000d\000\040\000W\000h\000a\000t\000\040\000T\000h\000e\000y\000\040\000D\000o\000\040\000N\000o\000t}{}% 67
\BOOKMARK [1][-]{section.8.1}{\376\377\000T\000h\000e\000\040\000R\000e\000d\000u\000c\000t\000i\000o\000n}{chapter.8}% 68
\BOOKMARK [1][-]{section.8.2}{\376\377\000T\000h\000e\000\040\000N\000i\000n\000e}{chapter.8}% 69
\BOOKMARK [2][-]{subsection.8.2.1}{\376\377\000R\000e\000p\000r\000o\000d\000u\000c\000i\000b\000i\000l\000i\000t\000y}{section.8.2}% 70
\BOOKMARK [1][-]{section.8.3}{\376\377\000T\000h\000e\000\040\000F\000a\000m\000i\000l\000y\000\040\000C\000o\000l\000l\000a\000p\000s\000e}{chapter.8}% 71
\BOOKMARK [1][-]{section.8.4}{\376\377\000q\000u\000a\000n\000t\000u\000m\000\137\000t\000r\000a\000n\000s\000i\000t\000i\000o\000n\000a\000l\000,\000\040\000a\000t\000\040\000F\000u\000l\000l\000\040\000S\000t\000r\000e\000n\000g\000t\000h}{chapter.8}% 72
\BOOKMARK [1][-]{section.8.5}{\376\377\000T\000h\000e\000\040\000D\000i\000r\000e\000c\000t\000i\000o\000n\000-\000o\000f\000-\000E\000f\000f\000e\000c\000t\000\040\000A\000u\000d\000i\000t}{chapter.8}% 73
\BOOKMARK [0][-]{chapter.9}{\376\377\000P\000r\000e\000-\000R\000e\000g\000i\000s\000t\000r\000a\000t\000i\000o\000n\000s\000\040\000a\000n\000d\000\040\000t\000h\000e\000\040\000R\000o\000a\000d\000\040\000t\000o\000\040\000T\000w\000o\000\040\000D\000i\000m\000e\000n\000s\000i\000o\000n\000s}{}% 74
\BOOKMARK [1][-]{section.9.1}{\376\377\000O\000n\000\040\000F\000i\000l\000i\000n\000g\000\040\000B\000e\000f\000o\000r\000e\000\040\000R\000u\000n\000n\000i\000n\000g}{chapter.9}% 75
\BOOKMARK [1][-]{section.9.2}{\376\377\000P\000\137\000u\000n\000i\000t\000\137\000p\000e\000r\000m\000u\000t\000a\000t\000i\000o\000n}{chapter.9}% 76
\BOOKMARK [1][-]{section.9.3}{\376\377\000T\000h\000e\000\040\000x\0000\000\040\000P\000o\000l\000i\000c\000y}{chapter.9}% 77
\BOOKMARK [1][-]{section.9.4}{\376\377\000T\000h\000e\000\040\000C\000o\000n\000t\000r\000o\000l\000l\000e\000d\000-\000P\000a\000i\000r\000\040\000P\000r\000e\000d\000i\000c\000t\000i\000o\000n\000s}{chapter.9}% 78
\BOOKMARK [1][-]{section.9.5}{\376\377\000T\000h\000e\000\040\000R\000o\000a\000d\000\040\000t\000o\000\040\000T\000w\000o\000\040\000D\000i\000m\000e\000n\000s\000i\000o\000n\000s}{chapter.9}% 79
\BOOKMARK [2][-]{subsection.9.5.1}{\376\377\000W\000h\000y\000\040\000t\000h\000e\000\040\000S\000c\000r\000a\000m\000b\000l\000e\000\040\000B\000e\000c\000o\000m\000e\000s\000\040\000R\000e\000a\000l}{section.9.5}% 80
\BOOKMARK [2][-]{subsection.9.5.2}{\376\377\000S\000t\000a\000n\000d\000i\000n\000g\000\040\000R\000e\000q\000u\000i\000r\000e\000m\000e\000n\000t\000s\000\040\000f\000o\000r\000\040\000t\000h\000e\000\040\0002\000D\000\040\000E\000n\000g\000i\000n\000e}{section.9.5}% 81
\BOOKMARK [1][-]{section.9.6}{\376\377\000C\000l\000o\000s\000i\000n\000g}{chapter.9}% 82
\BOOKMARK [0][-]{chapter.10}{\376\377\000T\000h\000e\000\040\000R\000e\000d\000u\000c\000t\000i\000o\000n\000:\000\040\000W\000h\000a\000t\000\040\000t\000h\000e\000\040\000F\000r\000a\000m\000e\000w\000o\000r\000k\000\040\000A\000c\000t\000u\000a\000l\000l\000y\000\040\000A\000s\000k\000s}{}% 83
\BOOKMARK [1][-]{section.10.1}{\376\377\000A\000\040\000Q\000u\000e\000s\000t\000i\000o\000n\000\040\000A\000s\000k\000e\000d\000\040\000S\000i\000d\000e\000w\000a\000y\000s}{chapter.10}% 84
\BOOKMARK [1][-]{section.10.2}{\376\377\000F\000o\000u\000r\000\040\000o\000f\000\040\000F\000i\000v\000e\000\040\000R\000e\000d\000u\000c\000e\000\040\000t\000o\000\040\000O\000n\000e\000\040\000R\000o\000o\000t}{chapter.10}% 85
\BOOKMARK [1][-]{section.10.3}{\376\377\000O\000l\000d\000\040\000W\000o\000r\000l\000d\000,\000\040\000N\000e\000w\000\040\000W\000o\000r\000l\000d}{chapter.10}% 86
\BOOKMARK [1][-]{section.10.4}{\376\377\000A\000\040\000N\000o\000t\000e\000\040\000o\000n\000\040\000H\000o\000w\000\040\000T\000h\000i\000s\000\040\000W\000a\000s\000\040\000F\000o\000u\000n\000d}{chapter.10}% 87
\BOOKMARK [0][-]{chapter.11}{\376\377\000T\000h\000e\000\040\000P\000e\000r\000i\000o\000d\000\040\000E\000n\000g\000i\000n\000e\000:\000\040\000W\000h\000a\000t\000\040\000I\000t\000\040\000R\000e\000m\000o\000v\000e\000s\000\040\000b\000y\000\040\000P\000r\000o\000o\000f}{}% 88
\BOOKMARK [1][-]{section.11.1}{\376\377\000T\000h\000e\000\040\000S\000t\000a\000t\000i\000s\000t\000i\000c}{chapter.11}% 89
\BOOKMARK [1][-]{section.11.2}{\376\377\000U\000n\000i\000t\000\040\000I\000n\000v\000a\000r\000i\000a\000n\000c\000e\000,\000\040\000P\000r\000o\000v\000e\000d}{chapter.11}% 90
\BOOKMARK [1][-]{section.11.3}{\376\377\000W\000h\000a\000t\000\040\000D\000i\000s\000a\000p\000p\000e\000a\000r\000s}{chapter.11}% 91
\BOOKMARK [1][-]{section.11.4}{\376\377\000Z\000e\000r\000o\000s\000,\000\040\000a\000n\000d\000\040\000W\000h\000y\000\040\000T\000h\000e\000i\000r\000\040\000H\000a\000n\000d\000l\000i\000n\000g\000\040\000I\000s\000\040\000F\000o\000r\000c\000e\000d}{chapter.11}% 92
\BOOKMARK [1][-]{section.11.5}{\376\377\000T\000h\000e\000\040\000D\000a\000t\000a\000\040\000P\000r\000o\000d\000u\000c\000t\000\040\000S\000t\000o\000p\000s\000\040\000C\000a\000r\000r\000y\000i\000n\000g\000\040\000t\000h\000e\000\040\000H\000y\000p\000o\000t\000h\000e\000s\000i\000s}{chapter.11}% 93
\BOOKMARK [0][-]{chapter.12}{\376\377\000W\000h\000a\000t\000\040\000t\000h\000e\000\040\000P\000e\000r\000i\000o\000d\000\040\000E\000n\000g\000i\000n\000e\000\040\000C\000a\000n\000n\000o\000t\000\040\000D\000o}{}% 94
\BOOKMARK [1][-]{section.12.1}{\376\377\000A\000\040\000C\000h\000a\000p\000t\000e\000r\000\040\000W\000r\000i\000t\000t\000e\000n\000\040\000A\000g\000a\000i\000n\000s\000t\000\040\000O\000u\000r\000s\000e\000l\000v\000e\000s}{chapter.12}% 95
\BOOKMARK [1][-]{section.12.2}{\376\377\000T\000h\000e\000\040\000N\000u\000l\000l\000\040\000W\000a\000s\000\040\000N\000o\000t\000\040\000R\000e\000m\000o\000v\000e\000d\000.\000\040\000I\000t\000\040\000W\000a\000s\000\040\000R\000e\000p\000l\000a\000c\000e\000d\000.}{chapter.12}% 96
\BOOKMARK [1][-]{section.12.3}{\376\377\000T\000h\000e\000\040\000A\000n\000n\000u\000l\000a\000r\000\040\000B\000a\000c\000k\000g\000r\000o\000u\000n\000d}{chapter.12}% 97
\BOOKMARK [2][-]{subsection.12.3.1}{\376\377\000P\000r\000o\000v\000e\000n\000a\000n\000c\000e\000\040\000a\000n\000d\000\040\000s\000e\000n\000s\000i\000t\000i\000v\000i\000t\000y\000\040\000o\000f\000\040\000t\000h\000e\000\040\000t\000w\000o\000\040\000c\000o\000n\000s\000t\000a\000n\000t\000s}{section.12.3}% 98
\BOOKMARK [2][-]{subsection.12.3.2}{\376\377\000H\000o\000w\000\040\000m\000a\000n\000y\000\040\000i\000n\000d\000e\000p\000e\000n\000d\000e\000n\000t\000\040\000s\000a\000m\000p\000l\000e\000s\000\040\000t\000h\000e\000\040\000a\000n\000n\000u\000l\000u\000s\000\040\000r\000e\000a\000l\000l\000y\000\040\000h\000a\000s}{section.12.3}% 99
\BOOKMARK [2][-]{subsection.12.3.3}{\376\377\000A\000n\000\040\000o\000p\000e\000n\000\040\000p\000r\000o\000b\000l\000e\000m\000,\000\040\000r\000e\000c\000o\000r\000d\000e\000d\000\040\000u\000n\000s\000o\000l\000v\000e\000d}{section.12.3}% 100
\BOOKMARK [1][-]{section.12.4}{\376\377\000T\000h\000e\000\040\000R\000e\000s\000o\000l\000u\000t\000i\000o\000n\000\040\000C\000r\000i\000t\000e\000r\000i\000o\000n}{chapter.12}% 101
\BOOKMARK [2][-]{subsection.12.4.1}{\376\377\000A\000p\000p\000l\000i\000e\000d\000\040\000t\000o\000\040\000t\000h\000e\000\040\000n\000i\000n\000e\000\040\000s\000u\000r\000v\000i\000v\000i\000n\000g\000\040\000d\000o\000m\000a\000i\000n\000s}{section.12.4}% 102
\BOOKMARK [2][-]{subsection.12.4.2}{\376\377\000I\000t\000\040\000c\000o\000n\000v\000e\000r\000g\000e\000s\000\040\000w\000i\000t\000h\000\040\000a\000n\000\040\000e\000a\000r\000l\000i\000e\000r\000\040\000v\000e\000r\000d\000i\000c\000t\000\040\000f\000r\000o\000m\000\040\000a\000n\000\040\000u\000n\000r\000e\000l\000a\000t\000e\000d\000\040\000d\000i\000r\000e\000c\000t\000i\000o\000n}{section.12.4}% 103
\BOOKMARK [2][-]{subsection.12.4.3}{\376\377\000C\000o\000n\000s\000e\000q\000u\000e\000n\000c\000e\000s\000\040\000a\000d\000o\000p\000t\000e\000d}{section.12.4}% 104
\BOOKMARK [2][-]{subsection.12.4.4}{\376\377\000A\000n\000d\000\040\000i\000t\000\040\000r\000e\000a\000c\000h\000e\000s\000\040\000t\000h\000e\000\040\000b\000r\000i\000d\000g\000e\000s}{section.12.4}% 105
\BOOKMARK [0][-]{chapter.13}{\376\377\000T\000h\000e\000\040\000D\000e\000g\000e\000n\000e\000r\000a\000c\000y\000,\000\040\000a\000n\000d\000\040\000W\000h\000a\000t\000\040\000t\000h\000e\000\040\000D\000a\000t\000a\000\040\000C\000a\000n\000\040\000D\000e\000t\000e\000r\000m\000i\000n\000e}{}% 106
\BOOKMARK [1][-]{section.13.1}{\376\377\000A\000\040\000Q\000u\000e\000s\000t\000i\000o\000n\000\040\000T\000h\000a\000t\000\040\000A\000n\000s\000w\000e\000r\000e\000d\000\040\000I\000t\000s\000e\000l\000f}{chapter.13}% 107
\BOOKMARK [1][-]{section.13.2}{\376\377\000T\000h\000e\000\040\000D\000e\000g\000e\000n\000e\000r\000a\000c\000y}{chapter.13}% 108
\BOOKMARK [1][-]{section.13.3}{\376\377\000T\000h\000e\000\040\000W\000e\000l\000l\000-\000P\000o\000s\000e\000d\000\040\000V\000e\000r\000s\000i\000o\000n\000:\000\040\000t\000h\000e\000\040\000C\000o\000m\000b\000\040\000T\000e\000s\000t}{chapter.13}% 109
\BOOKMARK [1][-]{section.13.4}{\376\377\000T\000w\000o\000\040\000B\000u\000l\000l\000e\000t\000s\000\040\000T\000h\000a\000t\000\040\000C\000a\000n\000n\000o\000t\000\040\000H\000a\000v\000e\000\040\000C\000o\000m\000e\000\040\000F\000r\000o\000m\000\040\000A\000n\000y\000\040\000R\000u\000n}{chapter.13}% 110
\BOOKMARK [1][-]{section.13.5}{\376\377\000A\000\040\000P\000r\000e\000-\000R\000e\000g\000i\000s\000t\000e\000r\000e\000d\000\040\000F\000a\000l\000s\000i\000f\000i\000c\000a\000t\000i\000o\000n\000\040\000C\000o\000n\000d\000i\000t\000i\000o\000n\000\040\000A\000p\000p\000e\000a\000r\000s\000\040\000t\000o\000\040\000B\000e\000\040\000M\000e\000t}{chapter.13}% 111
\BOOKMARK [1][-]{section.13.6}{\376\377\000g\000a\000l\000a\000c\000t\000i\000c\000\137\000s\000e\000r\000s\000i\000c\000:\000\040\000t\000h\000e\000\040\000S\000a\000m\000e\000\040\000A\000r\000i\000t\000h\000m\000e\000t\000i\000c\000\040\000b\000y\000\040\000a\000\040\000S\000e\000c\000o\000n\000d\000\040\000R\000o\000u\000t\000e}{chapter.13}% 112
\BOOKMARK [1][-]{section.13.7}{\376\377\000T\000h\000e\000\040\000R\000y\000d\000b\000e\000r\000g\000\040\000R\000e\000s\000u\000l\000t}{chapter.13}% 113
\BOOKMARK [0][-]{chapter.14}{\376\377\000A\000p\000e\000r\000t\000u\000r\000e\000\040\000a\000n\000d\000\040\000E\000x\000p\000o\000s\000u\000r\000e\000:\000\040\000R\000e\000b\000u\000i\000l\000d\000i\000n\000g\000\040\000t\000h\000e\000\040\000L\000a\000k\000e\000s}{}% 114
\BOOKMARK [1][-]{section.14.1}{\376\377\000T\000h\000e\000\040\000T\000e\000l\000e\000s\000c\000o\000p\000e\000\040\000A\000n\000a\000l\000o\000g\000y\000,\000\040\000a\000n\000d\000\040\000W\000h\000e\000r\000e\000\040\000I\000t\000\040\000I\000n\000v\000e\000r\000t\000s}{chapter.14}% 115
\BOOKMARK [1][-]{section.14.2}{\376\377\000T\000h\000e\000\040\000D\000o\000m\000a\000i\000n\000s\000\040\000l\000o\000g\0001\000p\000\040\000W\000a\000s\000\040\000H\000i\000d\000i\000n\000g}{chapter.14}% 116
\BOOKMARK [1][-]{section.14.3}{\376\377\000W\000h\000e\000r\000e\000\040\000t\000h\000e\000\040\000R\000e\000c\000o\000v\000e\000r\000y\000\040\000C\000o\000m\000e\000s\000\040\000F\000r\000o\000m\000,\000\040\000a\000n\000d\000\040\000W\000h\000y\000\040\000T\000h\000a\000t\000\040\000I\000s\000\040\000a\000\040\000R\000i\000s\000k}{chapter.14}% 117
\BOOKMARK [1][-]{section.14.4}{\376\377\000T\000h\000e\000\040\000N\000e\000w\000\040\000L\000a\000k\000e\000\040\000B\000o\000u\000n\000d\000a\000r\000i\000e\000s}{chapter.14}% 118
\BOOKMARK [2][-]{subsection.14.4.1}{\376\377\000A\000\040\000w\000o\000r\000k\000e\000d\000\040\000e\000x\000a\000m\000p\000l\000e\000\040\000o\000f\000\040\000r\000e\000q\000u\000i\000r\000e\000m\000e\000n\000t\000\040\0003}{section.14.4}% 119
\BOOKMARK [0][-]{chapter.15}{\376\377\000P\000r\000e\000-\000R\000e\000g\000i\000s\000t\000r\000a\000t\000i\000o\000n\000s\000\040\000f\000o\000r\000\040\000t\000h\000e\000\040\000P\000e\000r\000i\000o\000d\000\040\000E\000n\000g\000i\000n\000e}{}% 120
\BOOKMARK [1][-]{section.15.1}{\376\377\000F\000i\000l\000e\000d\000\040\000B\000e\000f\000o\000r\000e\000\040\000a\000\040\000L\000i\000n\000e\000\040\000o\000f\000\040\000C\000o\000d\000e\000\040\000E\000x\000i\000s\000t\000s}{chapter.15}% 121
\BOOKMARK [1][-]{section.15.2}{\376\377\000T\000r\000i\000a\000l\000\040\0002\000b\000\040\040\024\000\040\000T\000h\000e\000\040\000S\000e\000c\000t\000o\000r\000\040\000B\000o\000u\000n\000d\000\040\000T\000e\000s\000t}{chapter.15}% 122
\BOOKMARK [1][-]{section.15.3}{\376\377\000T\000r\000i\000a\000l\000\040\0001\000\040\040\024\000\040\000q\000u\000a\000n\000t\000u\000m\000\137\000t\000r\000a\000n\000s\000i\000t\000i\000o\000n\000a\000l\000\040\040\024\000\040\000t\000h\000e\000\040\000B\000u\000i\000l\000d\000\040\000G\000a\000t\000e}{chapter.15}% 123
\BOOKMARK [1][-]{section.15.4}{\376\377\000T\000r\000i\000a\000l\000\040\0001\000b\000\040\040\024\000\040\000o\000r\000b\000i\000t\000a\000l\000\137\000w\000r\000o\000n\000g\000b\000o\000x\000\040\040\024\000\040\000C\000l\000e\000a\000n\000\040\000E\000x\000p\000e\000c\000t\000e\000d\000-\000F\000a\000i\000l}{chapter.15}% 124
\BOOKMARK [1][-]{section.15.5}{\376\377\000T\000r\000i\000a\000l\000\040\0004\000\040\040\024\000\040\000s\000t\000e\000l\000l\000a\000r\000\137\000s\000p\000i\000n\000d\000o\000w\000n\000\040\040\024\000\040\000t\000h\000e\000\040\000R\000e\000c\000o\000v\000e\000r\000e\000d\000\040\000D\000o\000m\000a\000i\000n}{chapter.15}% 125
\BOOKMARK [1][-]{section.15.6}{\376\377\000T\000r\000i\000a\000l\000\040\0003\000\040\040\024\000\040\000S\000t\000r\000u\000c\000k}{chapter.15}% 126
\BOOKMARK [1][-]{section.15.7}{\376\377\000T\000h\000e\000\040\000C\000o\000m\000b\000\040\000T\000e\000s\000t}{chapter.15}% 127
\BOOKMARK [1][-]{section.15.8}{\376\377\000T\000h\000e\000\040\000C\000o\000m\000p\000a\000r\000i\000s\000o\000n\000\040\000M\000a\000t\000r\000i\000x}{chapter.15}% 128
\BOOKMARK [1][-]{section.15.9}{\376\377\000C\000o\000n\000d\000i\000t\000i\000o\000n\000s\000\040\000o\000f\000\040\000A\000d\000o\000p\000t\000i\000o\000n}{chapter.15}% 129
\BOOKMARK [1][-]{section.15.10}{\376\377\000W\000h\000a\000t\000\040\000I\000s\000\040\000N\000o\000t\000\040\000C\000l\000a\000i\000m\000e\000d}{chapter.15}% 130
\BOOKMARK [0][-]{chapter.16}{\376\377\000S\000t\000a\000n\000d\000i\000n\000g\000,\000\040\000a\000n\000d\000\040\000t\000h\000e\000\040\000R\000o\000a\000d\000\040\000t\000o\000\040\000T\000w\000o\000\040\000D\000i\000m\000e\000n\000s\000i\000o\000n\000s}{}% 131
\BOOKMARK [1][-]{section.16.1}{\376\377\000T\000h\000e\000\040\000C\000o\000m\000p\000l\000e\000t\000e\000\040\000T\000a\000x\000o\000n\000o\000m\000y}{chapter.16}% 132
\BOOKMARK [1][-]{section.16.2}{\376\377\000W\000h\000a\000t\000\040\000T\000h\000i\000s\000\040\000V\000o\000l\000u\000m\000e\000\040\000C\000o\000s\000t\000s\000\040\000a\000n\000d\000\040\000W\000h\000a\000t\000\040\000I\000t\000\040\000B\000u\000y\000s}{chapter.16}% 133
\BOOKMARK [1][-]{section.16.3}{\376\377\000T\000h\000e\000\040\000O\000n\000e\000\040\000T\000h\000a\000t\000\040\000S\000u\000r\000v\000i\000v\000e\000d\000\040\000E\000v\000e\000r\000y\000t\000h\000i\000n\000g}{chapter.16}% 134
\BOOKMARK [1][-]{section.16.4}{\376\377\000T\000h\000e\000\040\000D\000i\000r\000e\000c\000t\000i\000o\000n\000-\000o\000f\000-\000E\000f\000f\000e\000c\000t\000\040\000A\000u\000d\000i\000t}{chapter.16}% 135
\BOOKMARK [1][-]{section.16.5}{\376\377\000T\000h\000e\000\040\000R\000o\000a\000d\000\040\000t\000o\000\040\000T\000w\000o\000\040\000D\000i\000m\000e\000n\000s\000i\000o\000n\000s}{chapter.16}% 136
\BOOKMARK [2][-]{subsection.16.5.1}{\376\377\000W\000h\000y\000\040\000t\000h\000e\000\040\000s\000c\000r\000a\000m\000b\000l\000e\000\040\000n\000u\000l\000l\000\040\000b\000e\000c\000o\000m\000e\000s\000\040\000r\000e\000a\000l}{section.16.5}% 137
\BOOKMARK [1][-]{section.16.6}{\376\377\000C\000l\000o\000s\000i\000n\000g\000:\000\040\000O\000p\000t\000i\000m\000i\000s\000t\000i\000c\000a\000l\000l\000y\000\040\000N\000e\000r\000v\000o\000u\000s}{chapter.16}% 138
\BOOKMARK [0][-]{chapter.A}{\376\377\000R\000u\000n\000\040\000P\000r\000o\000v\000e\000n\000a\000n\000c\000e}{}% 139
\BOOKMARK [1][-]{section.A.1}{\376\377\000E\000n\000g\000i\000n\000e\000\040\000F\000i\000n\000g\000e\000r\000p\000r\000i\000n\000t\000s}{chapter.A}% 140
\BOOKMARK [1][-]{section.A.2}{\376\377\000T\000h\000e\000\040\000A\000u\000d\000i\000t\000\040\000T\000r\000a\000i\000l}{chapter.A}% 141
\BOOKMARK [1][-]{section.A.3}{\376\377\000A\000u\000d\000i\000t\000\040\000S\000c\000r\000i\000p\000t\000s}{chapter.A}% 142
\BOOKMARK [0][-]{appendix*.3}{\376\377\000R\000e\000f\000e\000r\000e\000n\000c\000e\000s}{}% 143
\BOOKMARK [1][-]{appendix*.4}{\376\377\000S\000c\000i\000e\000n\000t\000i\000f\000i\000c\000\040\000R\000e\000f\000e\000r\000e\000n\000c\000e\000s}{appendix*.3}% 144
